
> patternmode@0.1.0 test:e2e /Users/danielhowells/Sites/patternmode
> playwright test


Running 1 test using 1 worker

[1A[2K[1/1] [chromium] › tests/e2e/component-previews.spec.ts:138:5 › All component preview pages should load successfully
[1A[2K[chromium] › tests/e2e/component-previews.spec.ts:138:5 › All component preview pages should load successfully
Testing text/code-block...

[1A[2KTesting text/heading...

[1A[2KTesting text/heading-element...

[1A[2KTesting text/kbd...

[1A[2KTesting text/subheading...

[1A[2KTesting text/text...

[1A[2KTesting layout/card...

[1A[2KTesting layout/divider...

[1A[2KTesting layout/grid...

[1A[2KTesting layout/preview-card...

[1A[2K❌ preview-card: Found error indicator: "Component not found"

[1A[2K  1) [chromium] › tests/e2e/component-previews.spec.ts:138:5 › All component preview pages should load successfully 

    Error: [2mexpect([22m[31mreceived[39m[2m).[22mtoBe[2m([22m[32mexpected[39m[2m) // Object.is equality[22m

    Expected: [32m0[39m
    Received: [31m1[39m

      67 |         `❌ ${componentName}: Found error indicator: "${errorText}"`
      68 |       );
    > 69 |       expect(errorCount).toBe(0);
         |                          ^
      70 |     }
      71 |   }
      72 |
        at testComponentPage (/Users/danielhowells/Sites/patternmode/tests/e2e/component-previews.spec.ts:69:26)
        at /Users/danielhowells/Sites/patternmode/tests/e2e/component-previews.spec.ts:146:7

    Error Context: test-results/component-previews-All-com-59d5a-es-should-load-successfully-chromium/error-context.md


[1A[2K  1 failed
    [chromium] › tests/e2e/component-previews.spec.ts:138:5 › All component preview pages should load successfully 

[36m  Serving HTML report at http://localhost:9323. Press Ctrl+C to quit.[39m
